2020-12-11 15:14:28	- name: root
  level: INFO
  format: "%d%T%m%n"
  appenders:
    - type: FileLogAppender
      path: ../tests/test_log.txt
    - type: StdoutLogAppender
- name: system
  level: DEBUG
  format: "%d%T%m%n"
  appenders:
    - type: FileLogAppender
      path: ../tests/test_log.txt
    - type: StdoutLogAppender
